INFO:03/16/2017 01:06:02 PM:Time Profile
INFO:03/16/2017 01:06:02 PM:Time to get blocks: 0.592376
INFO:03/16/2017 01:06:02 PM:Time to identify signals and compute parameters: 0.220524
INFO:03/16/2017 01:06:02 PM:Time taken by root node to receive data from other nodes and compute normal distribution statistics: 0.122055
INFO:03/16/2017 01:06:02 PM:Total time taken is: 0.92071
INFO:03/16/2017 01:06:02 PM:Memory profile
INFO:03/16/2017 01:06:03 PM:Partition of a set of 68233 objects. Total size = 10115088 bytes.
 Index  Count   %     Size   % Cumulative  % Kind (class / dict of class)
     0  29863  44  3978056  39   3978056  39 str
     1  15849  23  1396144  14   5374200  53 tuple
     2    201   0   788952   8   6163152  61 dict of module
     3    445   1   521656   5   6684808  66 dict of type
     4   4073   6   521344   5   7206152  71 types.CodeType
     5   3917   6   470040   5   7676192  76 function
     6    411   1   423432   4   8099624  80 dict (no owner)
     7    445   1   396288   4   8495912  84 type
     8     94   0   212808   2   8708720  86 unicode
     9    152   0   153920   2   8862640  88 dict of class
<222 more rows. Type e.g. '_.more' to view.>
