INFO:03/10/2017 12:00:45 PM:Time Profile
INFO:03/10/2017 12:00:45 PM:Time to get blocks: 0.617297
INFO:03/10/2017 12:00:45 PM:Time to scrub: 2.729378
INFO:03/10/2017 12:00:45 PM:Time taken to write noise.txt: 0.083576
INFO:03/10/2017 12:00:45 PM:Total time taken is: 3.430258
INFO:03/10/2017 12:00:45 PM:Memory profile
INFO:03/10/2017 12:00:47 PM:Partition of a set of 280903 objects. Total size = 38104864 bytes.
 Index  Count   %     Size   % Cumulative  % Kind (class / dict of class)
     0 135702  48 14595720  38  14595720  38 str
     1  64909  23  5773568  15  20369288  53 tuple
     2  16604   6  2125312   6  22494600  59 types.CodeType
     3  16951   6  2034120   5  24528720  64 function
     4    565   0  2029048   5  26557768  70 dict of module
     5   1655   1  1693736   4  28251504  74 dict of type
     6   1656   1  1493776   4  29745280  78 type
     7   1342   0  1458640   4  31203920  82 dict (no owner)
     8   3568   1   846840   2  32050760  84 unicode
     9   3900   1   763936   2  32814696  86 list
<692 more rows. Type e.g. '_.more' to view.>
