INFO:04/07/2017 07:18:11 PM:Time Profile
INFO:04/07/2017 07:18:11 PM:Time to get blocks: 0.568297
INFO:04/07/2017 07:18:11 PM:Time to scrub: 3.469202
INFO:04/07/2017 07:18:11 PM:Time taken to write noise.txt: 3.677705
INFO:04/07/2017 07:18:11 PM:Total time taken is: 7.715212
INFO:04/07/2017 07:18:11 PM:Memory profile
INFO:04/07/2017 07:18:13 PM:Partition of a set of 284145 objects. Total size = 39444376 bytes.
 Index  Count   %     Size   % Cumulative  % Kind (class / dict of class)
     0 130677  46 13708512  35  13708512  35 str
     1  70602  25  6281600  16  19990112  51 tuple
     2  18372   6  2351616   6  22341728  57 types.CodeType
     3  18751   7  2250120   6  24591848  62 function
     4    632   0  2180672   6  26772520  68 dict of module
     5   1769   1  1859288   5  28631808  73 dict of type
     6   5680   2  1791496   5  30423304  77 unicode
     7   1770   1  1596752   4  32020056  81 type
     8   1380   0  1509216   4  33529272  85 dict (no owner)
     9   3655   1   750136   2  34279408  87 list
<675 more rows. Type e.g. '_.more' to view.>
