INFO:03/08/2017 11:10:27 PM:Time Profile
INFO:03/08/2017 11:10:27 PM:Time to get blocks: 0.589888
INFO:03/08/2017 11:10:27 PM:Time to scrub: 2.585686
INFO:03/08/2017 11:10:27 PM:Time taken to write noise.txt: 0.039218
INFO:03/08/2017 11:10:27 PM:Total time taken is: 3.214798
INFO:03/08/2017 11:10:27 PM:Memory profile
INFO:03/08/2017 11:10:29 PM:Partition of a set of 280885 objects. Total size = 38102464 bytes.
 Index  Count   %     Size   % Cumulative  % Kind (class / dict of class)
     0 135685  48 14594280  38  14594280  38 str
     1  64909  23  5773584  15  20367864  53 tuple
     2  16605   6  2125440   6  22493304  59 types.CodeType
     3  16951   6  2034120   5  24527424  64 function
     4    564   0  2028000   5  26555424  70 dict of module
     5   1655   1  1693736   4  28249160  74 dict of type
     6   1656   1  1493776   4  29742936  78 type
     7   1342   0  1458640   4  31201576  82 dict (no owner)
     8   3568   1   846840   2  32048416  84 unicode
     9   3900   1   763936   2  32812352  86 list
<692 more rows. Type e.g. '_.more' to view.>
