INFO:03/08/2017 10:55:49 PM:Time Profile
INFO:03/08/2017 10:55:49 PM:Time to get blocks: 144.102665
INFO:03/08/2017 10:55:49 PM:Time to scrub: 845.224814
INFO:03/08/2017 10:55:49 PM:Time taken to write noise.txt: 72.016158
INFO:03/08/2017 10:55:49 PM:Total time taken is: 1061.343659
INFO:03/08/2017 10:55:49 PM:Memory profile
INFO:03/08/2017 10:55:54 PM:Partition of a set of 291498 objects. Total size = 38442704 bytes.
 Index  Count   %     Size   % Cumulative  % Kind (class / dict of class)
     0 135686  47 14594328  38  14594328  38 str
     1  64909  22  5773584  15  20367912  53 tuple
     2  16605   6  2125440   6  22493352  59 types.CodeType
     3  16951   6  2034120   5  24527472  64 function
     4    564   0  2028000   5  26555472  69 dict of module
     5   1655   1  1693736   4  28249208  73 dict of type
     6   1656   1  1493776   4  29742984  77 type
     7   1342   0  1458640   4  31201624  81 dict (no owner)
     8   3900   1   849440   2  32051064  83 list
     9   3568   1   846840   2  32897904  86 unicode
<692 more rows. Type e.g. '_.more' to view.>
